// Jest Snapshot v1, https://goo.gl/fbAQLP

exports[`<Children /> should match to snapshot when render default 1`] = `
<div>
  Children
  <image
    alt="work-image"
    src={Object {}}
  />
</div>
`;
